Archive member included to satisfy reference by file (symbol)

c:/ac6/systemworkbench/plugins/fr.ac6.mcu.externaltools.arm-none.win32_1.16.0.201807130628/tools/compiler/bin/../lib/gcc/arm-none-eabi/7.2.1/../../../../arm-none-eabi/lib/thumb/v7-m\libc_nano.a(lib_a-exit.o)
                              c:/ac6/systemworkbench/plugins/fr.ac6.mcu.externaltools.arm-none.win32_1.16.0.201807130628/tools/compiler/bin/../lib/gcc/arm-none-eabi/7.2.1/../../../../arm-none-eabi/lib/thumb/v7-m/crt0.o (exit)
c:/ac6/systemworkbench/plugins/fr.ac6.mcu.externaltools.arm-none.win32_1.16.0.201807130628/tools/compiler/bin/../lib/gcc/arm-none-eabi/7.2.1/../../../../arm-none-eabi/lib/thumb/v7-m\libc_nano.a(lib_a-impure.o)
                              c:/ac6/systemworkbench/plugins/fr.ac6.mcu.externaltools.arm-none.win32_1.16.0.201807130628/tools/compiler/bin/../lib/gcc/arm-none-eabi/7.2.1/../../../../arm-none-eabi/lib/thumb/v7-m\libc_nano.a(lib_a-exit.o) (_global_impure_ptr)
c:/ac6/systemworkbench/plugins/fr.ac6.mcu.externaltools.arm-none.win32_1.16.0.201807130628/tools/compiler/bin/../lib/gcc/arm-none-eabi/7.2.1/../../../../arm-none-eabi/lib/thumb/v7-m\libc_nano.a(lib_a-init.o)
                              c:/ac6/systemworkbench/plugins/fr.ac6.mcu.externaltools.arm-none.win32_1.16.0.201807130628/tools/compiler/bin/../lib/gcc/arm-none-eabi/7.2.1/../../../../arm-none-eabi/lib/thumb/v7-m/crt0.o (__libc_init_array)
c:/ac6/systemworkbench/plugins/fr.ac6.mcu.externaltools.arm-none.win32_1.16.0.201807130628/tools/compiler/bin/../lib/gcc/arm-none-eabi/7.2.1/../../../../arm-none-eabi/lib/thumb/v7-m\libc_nano.a(lib_a-malloc.o)
                              Src/Exception.o (malloc)
c:/ac6/systemworkbench/plugins/fr.ac6.mcu.externaltools.arm-none.win32_1.16.0.201807130628/tools/compiler/bin/../lib/gcc/arm-none-eabi/7.2.1/../../../../arm-none-eabi/lib/thumb/v7-m\libc_nano.a(lib_a-memset.o)
                              c:/ac6/systemworkbench/plugins/fr.ac6.mcu.externaltools.arm-none.win32_1.16.0.201807130628/tools/compiler/bin/../lib/gcc/arm-none-eabi/7.2.1/../../../../arm-none-eabi/lib/thumb/v7-m/crt0.o (memset)
c:/ac6/systemworkbench/plugins/fr.ac6.mcu.externaltools.arm-none.win32_1.16.0.201807130628/tools/compiler/bin/../lib/gcc/arm-none-eabi/7.2.1/../../../../arm-none-eabi/lib/thumb/v7-m\libc_nano.a(lib_a-nano-freer.o)
                              c:/ac6/systemworkbench/plugins/fr.ac6.mcu.externaltools.arm-none.win32_1.16.0.201807130628/tools/compiler/bin/../lib/gcc/arm-none-eabi/7.2.1/../../../../arm-none-eabi/lib/thumb/v7-m\libc_nano.a(lib_a-malloc.o) (_free_r)
c:/ac6/systemworkbench/plugins/fr.ac6.mcu.externaltools.arm-none.win32_1.16.0.201807130628/tools/compiler/bin/../lib/gcc/arm-none-eabi/7.2.1/../../../../arm-none-eabi/lib/thumb/v7-m\libc_nano.a(lib_a-nano-mallocr.o)
                              c:/ac6/systemworkbench/plugins/fr.ac6.mcu.externaltools.arm-none.win32_1.16.0.201807130628/tools/compiler/bin/../lib/gcc/arm-none-eabi/7.2.1/../../../../arm-none-eabi/lib/thumb/v7-m\libc_nano.a(lib_a-malloc.o) (_malloc_r)
c:/ac6/systemworkbench/plugins/fr.ac6.mcu.externaltools.arm-none.win32_1.16.0.201807130628/tools/compiler/bin/../lib/gcc/arm-none-eabi/7.2.1/../../../../arm-none-eabi/lib/thumb/v7-m\libc_nano.a(lib_a-sbrkr.o)
                              c:/ac6/systemworkbench/plugins/fr.ac6.mcu.externaltools.arm-none.win32_1.16.0.201807130628/tools/compiler/bin/../lib/gcc/arm-none-eabi/7.2.1/../../../../arm-none-eabi/lib/thumb/v7-m\libc_nano.a(lib_a-nano-mallocr.o) (_sbrk_r)
c:/ac6/systemworkbench/plugins/fr.ac6.mcu.externaltools.arm-none.win32_1.16.0.201807130628/tools/compiler/bin/../lib/gcc/arm-none-eabi/7.2.1/../../../../arm-none-eabi/lib/thumb/v7-m\libc_nano.a(lib_a-setjmp.o)
                              Src/CException.o (longjmp)
c:/ac6/systemworkbench/plugins/fr.ac6.mcu.externaltools.arm-none.win32_1.16.0.201807130628/tools/compiler/bin/../lib/gcc/arm-none-eabi/7.2.1/../../../../arm-none-eabi/lib/thumb/v7-m\libc_nano.a(lib_a-vsnprintf.o)
                              Src/Exception.o (vsnprintf)
c:/ac6/systemworkbench/plugins/fr.ac6.mcu.externaltools.arm-none.win32_1.16.0.201807130628/tools/compiler/bin/../lib/gcc/arm-none-eabi/7.2.1/../../../../arm-none-eabi/lib/thumb/v7-m\libc_nano.a(lib_a-mlock.o)
                              c:/ac6/systemworkbench/plugins/fr.ac6.mcu.externaltools.arm-none.win32_1.16.0.201807130628/tools/compiler/bin/../lib/gcc/arm-none-eabi/7.2.1/../../../../arm-none-eabi/lib/thumb/v7-m\libc_nano.a(lib_a-nano-freer.o) (__malloc_lock)
c:/ac6/systemworkbench/plugins/fr.ac6.mcu.externaltools.arm-none.win32_1.16.0.201807130628/tools/compiler/bin/../lib/gcc/arm-none-eabi/7.2.1/../../../../arm-none-eabi/lib/thumb/v7-m\libc_nano.a(lib_a-nano-svfprintf.o)
                              c:/ac6/systemworkbench/plugins/fr.ac6.mcu.externaltools.arm-none.win32_1.16.0.201807130628/tools/compiler/bin/../lib/gcc/arm-none-eabi/7.2.1/../../../../arm-none-eabi/lib/thumb/v7-m\libc_nano.a(lib_a-vsnprintf.o) (_svfprintf_r)
[...]
Memory Configuration

Name             Origin             Length             Attributes
RAM              0x20000000         0x00005000         xrw
FLASH            0x08000000         0x00010000         xr
*default*        0x00000000         0xffffffff

Linker script and memory map

LOAD c:/ac6/systemworkbench/plugins/fr.ac6.mcu.externaltools.arm-none.win32_1.16.0.201807130628/tools/compiler/bin/../lib/gcc/arm-none-eabi/7.2.1/thumb/v7-m/crti.o
LOAD c:/ac6/systemworkbench/plugins/fr.ac6.mcu.externaltools.arm-none.win32_1.16.0.201807130628/tools/compiler/bin/../lib/gcc/arm-none-eabi/7.2.1/thumb/v7-m/crtbegin.o
LOAD c:/ac6/systemworkbench/plugins/fr.ac6.mcu.externaltools.arm-none.win32_1.16.0.201807130628/tools/compiler/bin/../lib/gcc/arm-none-eabi/7.2.1/../../../../arm-none-eabi/lib/thumb/v7-m/crt0.o
LOAD Drivers/STM32F1xx_HAL_Driver/Src/stm32f1xx_hal.o
LOAD Drivers/STM32F1xx_HAL_Driver/Src/stm32f1xx_hal_cortex.o
LOAD Drivers/STM32F1xx_HAL_Driver/Src/stm32f1xx_hal_dma.o
LOAD Drivers/STM32F1xx_HAL_Driver/Src/stm32f1xx_hal_flash.o
LOAD Drivers/STM32F1xx_HAL_Driver/Src/stm32f1xx_hal_flash_ex.o
LOAD Drivers/STM32F1xx_HAL_Driver/Src/stm32f1xx_hal_gpio.o
LOAD Drivers/STM32F1xx_HAL_Driver/Src/stm32f1xx_hal_gpio_ex.o
LOAD Drivers/STM32F1xx_HAL_Driver/Src/stm32f1xx_hal_pwr.o
LOAD Drivers/STM32F1xx_HAL_Driver/Src/stm32f1xx_hal_rcc.o
LOAD Drivers/STM32F1xx_HAL_Driver/Src/stm32f1xx_hal_rcc_ex.o
LOAD Drivers/STM32F1xx_HAL_Driver/Src/stm32f1xx_hal_tim.o
LOAD Drivers/STM32F1xx_HAL_Driver/Src/stm32f1xx_hal_tim_ex.o
LOAD Src/CException.o
LOAD Src/Exception.o
LOAD Src/TAP.o
LOAD Src/TAP_LookUpTable.o
LOAD Src/TAP_Mock.o
LOAD Src/main.o
LOAD Src/stm32f1xx_hal_msp.o
LOAD Src/stm32f1xx_it.o
LOAD Src/system_stm32f1xx.o
LOAD startup/startup_stm32f103xb.o
LOAD c:/ac6/systemworkbench/plugins/fr.ac6.mcu.externaltools.arm-none.win32_1.16.0.201807130628/tools/compiler/bin/../lib/gcc/arm-none-eabi/7.2.1/../../../../arm-none-eabi/lib/thumb/v7-m\libm.a
START GROUP
LOAD c:/ac6/systemworkbench/plugins/fr.ac6.mcu.externaltools.arm-none.win32_1.16.0.201807130628/tools/compiler/bin/../lib/gcc/arm-none-eabi/7.2.1/thumb/v7-m\libgcc.a
LOAD c:/ac6/systemworkbench/plugins/fr.ac6.mcu.externaltools.arm-none.win32_1.16.0.201807130628/tools/compiler/bin/../lib/gcc/arm-none-eabi/7.2.1/../../../../arm-none-eabi/lib/thumb/v7-m\libc_nano.a
END GROUP
START GROUP
LOAD c:/ac6/systemworkbench/plugins/fr.ac6.mcu.externaltools.arm-none.win32_1.16.0.201807130628/tools/compiler/bin/../lib/gcc/arm-none-eabi/7.2.1/thumb/v7-m\libgcc.a
LOAD c:/ac6/systemworkbench/plugins/fr.ac6.mcu.externaltools.arm-none.win32_1.16.0.201807130628/tools/compiler/bin/../lib/gcc/arm-none-eabi/7.2.1/../../../../arm-none-eabi/lib/thumb/v7-m\libc_nano.a
LOAD c:/ac6/systemworkbench/plugins/fr.ac6.mcu.externaltools.arm-none.win32_1.16.0.201807130628/tools/compiler/bin/../lib/gcc/arm-none-eabi/7.2.1/../../../../arm-none-eabi/lib/thumb/v7-m\libnosys.a
END GROUP
START GROUP
LOAD c:/ac6/systemworkbench/plugins/fr.ac6.mcu.externaltools.arm-none.win32_1.16.0.201807130628/tools/compiler/bin/../lib/gcc/arm-none-eabi/7.2.1/thumb/v7-m\libgcc.a
LOAD c:/ac6/systemworkbench/plugins/fr.ac6.mcu.externaltools.arm-none.win32_1.16.0.201807130628/tools/compiler/bin/../lib/gcc/arm-none-eabi/7.2.1/../../../../arm-none-eabi/lib/thumb/v7-m\libc_nano.a
LOAD c:/ac6/systemworkbench/plugins/fr.ac6.mcu.externaltools.arm-none.win32_1.16.0.201807130628/tools/compiler/bin/../lib/gcc/arm-none-eabi/7.2.1/../../../../arm-none-eabi/lib/thumb/v7-m\libnosys.a
END GROUP
LOAD c:/ac6/systemworkbench/plugins/fr.ac6.mcu.externaltools.arm-none.win32_1.16.0.201807130628/tools/compiler/bin/../lib/gcc/arm-none-eabi/7.2.1/thumb/v7-m/crtend.o
LOAD c:/ac6/systemworkbench/plugins/fr.ac6.mcu.externaltools.arm-none.win32_1.16.0.201807130628/tools/compiler/bin/../lib/gcc/arm-none-eabi/7.2.1/thumb/v7-m/crtn.o
                0x20005000                _estack = 0x20005000
                0x00000200                _Min_Heap_Size = 0x200
                0x00000400                _Min_Stack_Size = 0x400

.isr_vector     0x08000000      0x10c
                0x08000000                . = ALIGN (0x4)
 *(.isr_vector)
 .isr_vector    0x08000000      0x10c startup/startup_stm32f103xb.o
                0x08000000                g_pfnVectors
                0x0800010c                . = ALIGN (0x4)

.text           0x0800010c      0xf90
                0x0800010c                . = ALIGN (0x4)
 *(.text)
 .text          0x0800010c       0x40 c:/ac6/systemworkbench/plugins/fr.ac6.mcu.externaltools.arm-none.win32_1.16.0.201807130628/tools/compiler/bin/../lib/gcc/arm-none-eabi/7.2.1/thumb/v7-m/crtbegin.o
 *(.text*)
 .text.HAL_InitTick
                0x0800014c       0x48 Drivers/STM32F1xx_HAL_Driver/Src/stm32f1xx_hal.o
                0x0800014c                HAL_InitTick
 .text.HAL_Init
                0x08000194       0x24 Drivers/STM32F1xx_HAL_Driver/Src/stm32f1xx_hal.o
                0x08000194                HAL_Init
 .text.HAL_IncTick
                0x080001b8       0x18 Drivers/STM32F1xx_HAL_Driver/Src/stm32f1xx_hal.o
                0x080001b8                HAL_IncTick
 .text.HAL_GetTick
                0x080001d0        0xc Drivers/STM32F1xx_HAL_Driver/Src/stm32f1xx_hal.o
                0x080001d0                HAL_GetTick
 .text.HAL_Delay
                0x080001dc       0x28 Drivers/STM32F1xx_HAL_Driver/Src/stm32f1xx_hal.o
                0x080001dc                HAL_Delay
 .text.HAL_NVIC_SetPriorityGrouping
                0x08000204       0x24 Drivers/STM32F1xx_HAL_Driver/Src/stm32f1xx_hal_cortex.o
                0x08000204                HAL_NVIC_SetPriorityGrouping
 .text.HAL_NVIC_SetPriority
                0x08000228       0x68 Drivers/STM32F1xx_HAL_Driver/Src/stm32f1xx_hal_cortex.o
                0x08000228                HAL_NVIC_SetPriority
 .text.HAL_SYSTICK_Config
                0x08000290       0x2c Drivers/STM32F1xx_HAL_Driver/Src/stm32f1xx_hal_cortex.o
                0x08000290                HAL_SYSTICK_Config
 .text.HAL_SYSTICK_CLKSourceConfig
                0x080002bc       0x20 Drivers/STM32F1xx_HAL_Driver/Src/stm32f1xx_hal_cortex.o
                0x080002bc                HAL_SYSTICK_CLKSourceConfig
 .text.HAL_SYSTICK_Callback
                0x080002dc        0x2 Drivers/STM32F1xx_HAL_Driver/Src/stm32f1xx_hal_cortex.o
                0x080002dc                HAL_SYSTICK_Callback
 .text.HAL_SYSTICK_IRQHandler
                0x080002de        0x8 Drivers/STM32F1xx_HAL_Driver/Src/stm32f1xx_hal_cortex.o
                0x080002de                HAL_SYSTICK_IRQHandler
 *fill*         0x080002e6        0x2 
 .text.HAL_GPIO_Init
                0x080002e8      0x1d4 Drivers/STM32F1xx_HAL_Driver/Src/stm32f1xx_hal_gpio.o
                0x080002e8                HAL_GPIO_Init
 .text.HAL_GPIO_ReadPin
                0x080004bc        0xe Drivers/STM32F1xx_HAL_Driver/Src/stm32f1xx_hal_gpio.o
                0x080004bc                HAL_GPIO_ReadPin
 .text.HAL_GPIO_WritePin
                0x080004ca        0xc Drivers/STM32F1xx_HAL_Driver/Src/stm32f1xx_hal_gpio.o
                0x080004ca                HAL_GPIO_WritePin
 *fill*         0x080004d6        0x2 
 .text.RCC_Delay
                0x080004d8       0x2c Drivers/STM32F1xx_HAL_Driver/Src/stm32f1xx_hal_rcc.o
 .text.HAL_RCC_OscConfig
                0x08000504      0x3dc Drivers/STM32F1xx_HAL_Driver/Src/stm32f1xx_hal_rcc.o
                0x08000504                HAL_RCC_OscConfig
 .text.HAL_RCC_GetSysClockFreq
                0x080008e0       0x70 Drivers/STM32F1xx_HAL_Driver/Src/stm32f1xx_hal_rcc.o
                0x080008e0                HAL_RCC_GetSysClockFreq
 .text.HAL_RCC_ClockConfig
                0x08000950      0x178 Drivers/STM32F1xx_HAL_Driver/Src/stm32f1xx_hal_rcc.o
                0x08000950                HAL_RCC_ClockConfig
 .text.HAL_RCC_GetHCLKFreq
                0x08000ac8        0xc Drivers/STM32F1xx_HAL_Driver/Src/stm32f1xx_hal_rcc.o
                0x08000ac8                HAL_RCC_GetHCLKFreq
 .text.getTmsRequired
                0x08000ad4       0x10 Src/TAP_LookUpTable.o
                0x08000ad4                getTmsRequired
 .text.MX_GPIO_Init
                0x08000ae4       0x88 Src/main.o
 .text.setClock
                0x08000b6c       0x14 Src/main.o
                0x08000b6c                setClock
 .text.writeTms
                0x08000b80       0x34 Src/main.o
                0x08000b80                writeTms
 .text.writeBit
                0x08000bb4       0x44 Src/main.o
                0x08000bb4                writeBit
 .text.readBit  0x08000bf8       0x68 Src/main.o
                0x08000bf8                readBit
 .text.resetTapState
                0x08000c60       0x14 Src/main.o
                0x08000c60                resetTapState
 .text.jtagWriteTms
                0x08000c74       0x20 Src/main.o
                0x08000c74                jtagWriteTms
 .text.switchSwdToJtagMode
                0x08000c94       0x24 Src/main.o
                0x08000c94                switchSwdToJtagMode
 .text.jtagWriteBits
                0x08000cb8       0x82 Src/main.o
                0x08000cb8                jtagWriteBits
 *fill*         0x08000d3a        0x2 
 .text.jtagReadBits
                0x08000d3c       0x60 Src/main.o
                0x08000d3c                jtagReadBits
 .text.tapTravelFromTo
                0x08000d9c       0x2c Src/main.o
                0x08000d9c                tapTravelFromTo
 .text.loadJtagIR
                0x08000dc8       0x26 Src/main.o
                0x08000dc8                loadJtagIR
 .text.jtagWriteAndRead
                0x08000dee       0x2c Src/main.o
                0x08000dee                jtagWriteAndRead
 .text._Error_Handler
                0x08000e1a        0x2 Src/main.o
                0x08000e1a                _Error_Handler
 .text.SystemClock_Config
                0x08000e1c       0x78 Src/main.o
                0x08000e1c                SystemClock_Config
 .text.main     0x08000e94       0x52 Src/main.o
                0x08000e94                main
 *fill*         0x08000ee6        0x2 
 .text.HAL_MspInit
                0x08000ee8       0xa0 Src/stm32f1xx_hal_msp.o
                0x08000ee8                HAL_MspInit
 .text.NMI_Handler
                0x08000f88        0x2 Src/stm32f1xx_it.o
                0x08000f88                NMI_Handler
 .text.HardFault_Handler
                0x08000f8a        0x2 Src/stm32f1xx_it.o
                0x08000f8a                HardFault_Handler
 .text.MemManage_Handler
                0x08000f8c        0x2 Src/stm32f1xx_it.o
                0x08000f8c                MemManage_Handler
 .text.BusFault_Handler
                0x08000f8e        0x2 Src/stm32f1xx_it.o
                0x08000f8e                BusFault_Handler
 .text.UsageFault_Handler
                0x08000f90        0x2 Src/stm32f1xx_it.o
                0x08000f90                UsageFault_Handler
 .text.SVC_Handler
                0x08000f92        0x2 Src/stm32f1xx_it.o
                0x08000f92                SVC_Handler
 .text.DebugMon_Handler
                0x08000f94        0x2 Src/stm32f1xx_it.o
                0x08000f94                DebugMon_Handler
 .text.PendSV_Handler
                0x08000f96        0x2 Src/stm32f1xx_it.o
                0x08000f96                PendSV_Handler
 .text.SysTick_Handler
                0x08000f98        0xc Src/stm32f1xx_it.o
                0x08000f98                SysTick_Handler
 .text.SystemInit
                0x08000fa4       0x4c Src/system_stm32f1xx.o
                0x08000fa4                SystemInit
 .text.Reset_Handler
                0x08000ff0       0x48 startup/startup_stm32f103xb.o
                0x08000ff0                Reset_Handler
 .text.Default_Handler
                0x08001038        0x2 startup/startup_stm32f103xb.o
                0x08001038                RTC_Alarm_IRQHandler
                0x08001038                EXTI2_IRQHandler
                0x08001038                TIM1_CC_IRQHandler
                0x08001038                PVD_IRQHandler
                0x08001038                EXTI3_IRQHandler
                0x08001038                EXTI0_IRQHandler
                0x08001038                I2C2_EV_IRQHandler
                0x08001038                ADC1_2_IRQHandler
                0x08001038                SPI1_IRQHandler
                0x08001038                TAMPER_IRQHandler
                0x08001038                DMA1_Channel4_IRQHandler
                0x08001038                USART3_IRQHandler
                0x08001038                RTC_IRQHandler
                0x08001038                DMA1_Channel7_IRQHandler
                0x08001038                CAN1_RX1_IRQHandler
                0x08001038                TIM4_IRQHandler
                0x08001038                I2C1_EV_IRQHandler
                0x08001038                DMA1_Channel6_IRQHandler
                0x08001038                TIM3_IRQHandler
                0x08001038                RCC_IRQHandler
                0x08001038                TIM1_TRG_COM_IRQHandler
                0x08001038                DMA1_Channel1_IRQHandler
                0x08001038                Default_Handler
                0x08001038                EXTI15_10_IRQHandler
                0x08001038                EXTI9_5_IRQHandler
                0x08001038                SPI2_IRQHandler
                0x08001038                DMA1_Channel5_IRQHandler
                0x08001038                EXTI4_IRQHandler
                0x08001038                USB_LP_CAN1_RX0_IRQHandler
                0x08001038                USB_HP_CAN1_TX_IRQHandler
                0x08001038                DMA1_Channel3_IRQHandler
                0x08001038                TIM1_UP_IRQHandler
                0x08001038                WWDG_IRQHandler
                0x08001038                TIM2_IRQHandler
                0x08001038                TIM1_BRK_IRQHandler
                0x08001038                EXTI1_IRQHandler
                0x08001038                USART2_IRQHandler
                0x08001038                I2C2_ER_IRQHandler
                0x08001038                DMA1_Channel2_IRQHandler
                0x08001038                CAN1_SCE_IRQHandler
                0x08001038                FLASH_IRQHandler
                0x08001038                USART1_IRQHandler
                0x08001038                I2C1_ER_IRQHandler
                0x08001038                USBWakeUp_IRQHandler
 *fill*         0x0800103a        0x2 
 .text.__libc_init_array
                0x0800103c       0x48 c:/ac6/systemworkbench/plugins/fr.ac6.mcu.externaltools.arm-none.win32_1.16.0.201807130628/tools/compiler/bin/../lib/gcc/arm-none-eabi/7.2.1/../../../../arm-none-eabi/lib/thumb/v7-m\libc_nano.a(lib_a-init.o)
                0x0800103c                __libc_init_array
 *(.glue_7)
 .glue_7        0x08001084        0x0 linker stubs
 *(.glue_7t)
 .glue_7t       0x08001084        0x0 linker stubs
 *(.eh_frame)
 .eh_frame      0x08001084        0x0 c:/ac6/systemworkbench/plugins/fr.ac6.mcu.externaltools.arm-none.win32_1.16.0.201807130628/tools/compiler/bin/../lib/gcc/arm-none-eabi/7.2.1/thumb/v7-m/crtbegin.o
 *(.init)
 .init          0x08001084        0x4 c:/ac6/systemworkbench/plugins/fr.ac6.mcu.externaltools.arm-none.win32_1.16.0.201807130628/tools/compiler/bin/../lib/gcc/arm-none-eabi/7.2.1/thumb/v7-m/crti.o
                0x08001084                _init
 .init          0x08001088        0x8 c:/ac6/systemworkbench/plugins/fr.ac6.mcu.externaltools.arm-none.win32_1.16.0.201807130628/tools/compiler/bin/../lib/gcc/arm-none-eabi/7.2.1/thumb/v7-m/crtn.o
 *(.fini)
 .fini          0x08001090        0x4 c:/ac6/systemworkbench/plugins/fr.ac6.mcu.externaltools.arm-none.win32_1.16.0.201807130628/tools/compiler/bin/../lib/gcc/arm-none-eabi/7.2.1/thumb/v7-m/crti.o
                0x08001090                _fini
 .fini          0x08001094        0x8 c:/ac6/systemworkbench/plugins/fr.ac6.mcu.externaltools.arm-none.win32_1.16.0.201807130628/tools/compiler/bin/../lib/gcc/arm-none-eabi/7.2.1/thumb/v7-m/crtn.o
                0x0800109c                . = ALIGN (0x4)
                0x0800109c                _etext = .

.vfp11_veneer   0x0800109c        0x0
 .vfp11_veneer  0x0800109c        0x0 linker stubs

.v4_bx          0x0800109c        0x0
 .v4_bx         0x0800109c        0x0 linker stubs

.iplt           0x0800109c        0x0
 .iplt          0x0800109c        0x0 c:/ac6/systemworkbench/plugins/fr.ac6.mcu.externaltools.arm-none.win32_1.16.0.201807130628/tools/compiler/bin/../lib/gcc/arm-none-eabi/7.2.1/thumb/v7-m/crtbegin.o

.rodata         0x0800109c       0x3c
                0x0800109c                . = ALIGN (0x4)
 *(.rodata)
 .rodata        0x0800109c       0x12 Drivers/STM32F1xx_HAL_Driver/Src/stm32f1xx_hal_rcc.o
 *fill*         0x080010ae        0x2 
 .rodata        0x080010b0       0x18 Src/system_stm32f1xx.o
                0x080010b0                AHBPrescTable
                0x080010c0                APBPrescTable
 *(.rodata*)
 .rodata.str1.4
                0x080010c8       0x10 Src/main.o
                                  0xe (size before relaxing)
                0x080010d8                . = ALIGN (0x4)

.rel.dyn        0x080010d8        0x0
 .rel.iplt      0x080010d8        0x0 c:/ac6/systemworkbench/plugins/fr.ac6.mcu.externaltools.arm-none.win32_1.16.0.201807130628/tools/compiler/bin/../lib/gcc/arm-none-eabi/7.2.1/thumb/v7-m/crtbegin.o

.ARM.extab
 *(.ARM.extab* .gnu.linkonce.armextab.*)

.ARM            0x080010d8        0x0
                0x080010d8                __exidx_start = .
 *(.ARM.exidx*)
                0x080010d8                __exidx_end = .

.preinit_array  0x080010d8        0x0
                0x080010d8                PROVIDE (__preinit_array_start, .)
 *(.preinit_array*)
                0x080010d8                PROVIDE (__preinit_array_end, .)

.init_array     0x080010d8        0x4
                0x080010d8                PROVIDE (__init_array_start, .)
 *(SORT_BY_NAME(.init_array.*))
 *(.init_array*)
 .init_array    0x080010d8        0x4 c:/ac6/systemworkbench/plugins/fr.ac6.mcu.externaltools.arm-none.win32_1.16.0.201807130628/tools/compiler/bin/../lib/gcc/arm-none-eabi/7.2.1/thumb/v7-m/crtbegin.o
                0x080010dc                PROVIDE (__init_array_end, .)

.fini_array     0x080010dc        0x4
                [!provide]                PROVIDE (__fini_array_start, .)
 *(SORT_BY_NAME(.fini_array.*))
 *(.fini_array*)
 .fini_array    0x080010dc        0x4 c:/ac6/systemworkbench/plugins/fr.ac6.mcu.externaltools.arm-none.win32_1.16.0.201807130628/tools/compiler/bin/../lib/gcc/arm-none-eabi/7.2.1/thumb/v7-m/crtbegin.o
                [!provide]                PROVIDE (__fini_array_end, .)
                0x080010e0                _sidata = LOADADDR (.data)

.data           0x20000000     0x103c load address 0x080010e0
                0x20000000                . = ALIGN (0x4)
                0x20000000                _sdata = .
 *(.data)
 .data          0x20000000        0x8 Drivers/STM32F1xx_HAL_Driver/Src/stm32f1xx_hal.o
                0x20000000                uwTickFreq
                0x20000004                uwTickPrio
 .data          0x20000008      0x830 Src/TAP_LookUpTable.o
                0x20000008                stateMachineLookUpTable
                0x20000808                tapTestTable
 .data          0x20000838      0x800 Src/main.o
                0x20000838                stateTable
 .data          0x20001038        0x4 Src/system_stm32f1xx.o
                0x20001038                SystemCoreClock
 *(.data*)
                0x2000103c                . = ALIGN (0x4)
                0x2000103c                _edata = .

.igot.plt       0x2000103c        0x0 load address 0x0800211c
 .igot.plt      0x2000103c        0x0 c:/ac6/systemworkbench/plugins/fr.ac6.mcu.externaltools.arm-none.win32_1.16.0.201807130628/tools/compiler/bin/../lib/gcc/arm-none-eabi/7.2.1/thumb/v7-m/crtbegin.o
                0x2000103c                . = ALIGN (0x4)

.bss            0x2000103c       0x20 load address 0x0800211c
                0x2000103c                _sbss = .
                0x2000103c                __bss_start__ = _sbss
 *(.bss)
 .bss           0x2000103c       0x1c c:/ac6/systemworkbench/plugins/fr.ac6.mcu.externaltools.arm-none.win32_1.16.0.201807130628/tools/compiler/bin/../lib/gcc/arm-none-eabi/7.2.1/thumb/v7-m/crtbegin.o
 *(.bss*)
 *(COMMON)
 COMMON         0x20001058        0x4 Drivers/STM32F1xx_HAL_Driver/Src/stm32f1xx_hal.o
                0x20001058                uwTick
                0x2000105c                . = ALIGN (0x4)
                0x2000105c                _ebss = .
                0x2000105c                __bss_end__ = _ebss

._user_heap_stack
                0x2000105c      0x604 load address 0x0800211c
                0x20001060                . = ALIGN (0x8)
 *fill*         0x2000105c        0x4 
                0x20001060                PROVIDE (end, .)
                [!provide]                PROVIDE (_end, .)
                0x20001260                . = (. + _Min_Heap_Size)
 *fill*         0x20001060      0x200 
                0x20001660                . = (. + _Min_Stack_Size)
 *fill*         0x20001260      0x400 
                0x20001660                . = ALIGN (0x8)

/DISCARD/
 libc.a(*)
 libm.a(*)
 libgcc.a(*)

.ARM.attributes
                0x00000000       0x29
 *(.ARM.attributes)
 .ARM.attributes
                0x00000000       0x1d c:/ac6/systemworkbench/plugins/fr.ac6.mcu.externaltools.arm-none.win32_1.16.0.201807130628/tools/compiler/bin/../lib/gcc/arm-none-eabi/7.2.1/thumb/v7-m/crti.o
 .ARM.attributes
                0x0000001d       0x2d c:/ac6/systemworkbench/plugins/fr.ac6.mcu.externaltools.arm-none.win32_1.16.0.201807130628/tools/compiler/bin/../lib/gcc/arm-none-eabi/7.2.1/thumb/v7-m/crtbegin.o
 .ARM.attributes
                0x0000004a       0x33 Drivers/STM32F1xx_HAL_Driver/Src/stm32f1xx_hal.o
 .ARM.attributes
                0x0000007d       0x33 Drivers/STM32F1xx_HAL_Driver/Src/stm32f1xx_hal_cortex.o
 .ARM.attributes
                0x000000b0       0x33 Drivers/STM32F1xx_HAL_Driver/Src/stm32f1xx_hal_gpio.o
 .ARM.attributes
                0x000000e3       0x33 Drivers/STM32F1xx_HAL_Driver/Src/stm32f1xx_hal_rcc.o
 .ARM.attributes
                0x00000116       0x33 Src/TAP_LookUpTable.o
 .ARM.attributes
                0x00000149       0x33 Src/main.o
 .ARM.attributes
                0x0000017c       0x33 Src/stm32f1xx_hal_msp.o
 .ARM.attributes
                0x000001af       0x33 Src/stm32f1xx_it.o
 .ARM.attributes
                0x000001e2       0x33 Src/system_stm32f1xx.o
 .ARM.attributes
                0x00000215       0x21 startup/startup_stm32f103xb.o
 .ARM.attributes
                0x00000236       0x2d c:/ac6/systemworkbench/plugins/fr.ac6.mcu.externaltools.arm-none.win32_1.16.0.201807130628/tools/compiler/bin/../lib/gcc/arm-none-eabi/7.2.1/../../../../arm-none-eabi/lib/thumb/v7-m\libc_nano.a(lib_a-init.o)
 .ARM.attributes
                0x00000263       0x1d c:/ac6/systemworkbench/plugins/fr.ac6.mcu.externaltools.arm-none.win32_1.16.0.201807130628/tools/compiler/bin/../lib/gcc/arm-none-eabi/7.2.1/thumb/v7-m/crtn.o
OUTPUT(STM32_JTAG.elf elf32-littlearm)

.debug_info     0x00000000     0x84a7
 .debug_info    0x00000000      0xfa6 Drivers/STM32F1xx_HAL_Driver/Src/stm32f1xx_hal.o
 .debug_info    0x00000fa6     0x1475 Drivers/STM32F1xx_HAL_Driver/Src/stm32f1xx_hal_cortex.o
 .debug_info    0x0000241b      0xe87 Drivers/STM32F1xx_HAL_Driver/Src/stm32f1xx_hal_gpio.o
 .debug_info    0x000032a2     0x11ef Drivers/STM32F1xx_HAL_Driver/Src/stm32f1xx_hal_rcc.o
 .debug_info    0x00004491      0x3b5 Src/TAP_LookUpTable.o
 .debug_info    0x00004846     0x193a Src/main.o
 .debug_info    0x00006180      0xcec Src/stm32f1xx_hal_msp.o
 .debug_info    0x00006e6c      0xa04 Src/stm32f1xx_it.o
 .debug_info    0x00007870      0xc15 Src/system_stm32f1xx.o
 .debug_info    0x00008485       0x22 startup/startup_stm32f103xb.o

.debug_abbrev   0x00000000     0x182d
 .debug_abbrev  0x00000000      0x2f4 Drivers/STM32F1xx_HAL_Driver/Src/stm32f1xx_hal.o
 .debug_abbrev  0x000002f4      0x3cd Drivers/STM32F1xx_HAL_Driver/Src/stm32f1xx_hal_cortex.o
 .debug_abbrev  0x000006c1      0x2a7 Drivers/STM32F1xx_HAL_Driver/Src/stm32f1xx_hal_gpio.o
 .debug_abbrev  0x00000968      0x335 Drivers/STM32F1xx_HAL_Driver/Src/stm32f1xx_hal_rcc.o
 .debug_abbrev  0x00000c9d      0x174 Src/TAP_LookUpTable.o
 .debug_abbrev  0x00000e11      0x3c7 Src/main.o
 .debug_abbrev  0x000011d8      0x234 Src/stm32f1xx_hal_msp.o
 .debug_abbrev  0x0000140c      0x1e7 Src/stm32f1xx_it.o
 .debug_abbrev  0x000015f3      0x228 Src/system_stm32f1xx.o
 .debug_abbrev  0x0000181b       0x12 startup/startup_stm32f103xb.o

.debug_loc      0x00000000     0x1768
 .debug_loc     0x00000000       0xfd Drivers/STM32F1xx_HAL_Driver/Src/stm32f1xx_hal.o
 .debug_loc     0x000000fd      0x5ad Drivers/STM32F1xx_HAL_Driver/Src/stm32f1xx_hal_cortex.o
 .debug_loc     0x000006aa      0x44e Drivers/STM32F1xx_HAL_Driver/Src/stm32f1xx_hal_gpio.o
 .debug_loc     0x00000af8      0x4f6 Drivers/STM32F1xx_HAL_Driver/Src/stm32f1xx_hal_rcc.o
 .debug_loc     0x00000fee       0xe5 Src/TAP_LookUpTable.o
 .debug_loc     0x000010d3      0x5b6 Src/main.o
 .debug_loc     0x00001689       0xdf Src/system_stm32f1xx.o

.debug_aranges  0x00000000      0x3f0
 .debug_aranges
                0x00000000       0xd0 Drivers/STM32F1xx_HAL_Driver/Src/stm32f1xx_hal.o
 .debug_aranges
                0x000000d0       0x90 Drivers/STM32F1xx_HAL_Driver/Src/stm32f1xx_hal_cortex.o
 .debug_aranges
                0x00000160       0x58 Drivers/STM32F1xx_HAL_Driver/Src/stm32f1xx_hal_gpio.o
 .debug_aranges
                0x000001b8       0x90 Drivers/STM32F1xx_HAL_Driver/Src/stm32f1xx_hal_rcc.o
 .debug_aranges
                0x00000248       0x30 Src/TAP_LookUpTable.o
 .debug_aranges
                0x00000278       0xa8 Src/main.o
 .debug_aranges
                0x00000320       0x20 Src/stm32f1xx_hal_msp.o
 .debug_aranges
                0x00000340       0x60 Src/stm32f1xx_it.o
 .debug_aranges
                0x000003a0       0x28 Src/system_stm32f1xx.o
 .debug_aranges
                0x000003c8       0x28 startup/startup_stm32f103xb.o

.debug_ranges   0x00000000      0x3d8
 .debug_ranges  0x00000000       0xc0 Drivers/STM32F1xx_HAL_Driver/Src/stm32f1xx_hal.o
 .debug_ranges  0x000000c0       0xe0 Drivers/STM32F1xx_HAL_Driver/Src/stm32f1xx_hal_cortex.o
 .debug_ranges  0x000001a0       0x48 Drivers/STM32F1xx_HAL_Driver/Src/stm32f1xx_hal_gpio.o
 .debug_ranges  0x000001e8       0xa0 Drivers/STM32F1xx_HAL_Driver/Src/stm32f1xx_hal_rcc.o
 .debug_ranges  0x00000288       0x20 Src/TAP_LookUpTable.o
 .debug_ranges  0x000002a8       0x98 Src/main.o
 .debug_ranges  0x00000340       0x10 Src/stm32f1xx_hal_msp.o
 .debug_ranges  0x00000350       0x50 Src/stm32f1xx_it.o
 .debug_ranges  0x000003a0       0x18 Src/system_stm32f1xx.o
 .debug_ranges  0x000003b8       0x20 startup/startup_stm32f103xb.o

.debug_macro    0x00000000    0x13ea0
 .debug_macro   0x00000000      0x2f9 Drivers/STM32F1xx_HAL_Driver/Src/stm32f1xx_hal.o
 .debug_macro   0x000002f9      0xa60 Drivers/STM32F1xx_HAL_Driver/Src/stm32f1xx_hal.o
 .debug_macro   0x00000d59       0x10 Drivers/STM32F1xx_HAL_Driver/Src/stm32f1xx_hal.o
 .debug_macro   0x00000d69      0x15d Drivers/STM32F1xx_HAL_Driver/Src/stm32f1xx_hal.o
 .debug_macro   0x00000ec6       0x2e Drivers/STM32F1xx_HAL_Driver/Src/stm32f1xx_hal.o
 .debug_macro   0x00000ef4       0x22 Drivers/STM32F1xx_HAL_Driver/Src/stm32f1xx_hal.o
 .debug_macro   0x00000f16       0x22 Drivers/STM32F1xx_HAL_Driver/Src/stm32f1xx_hal.o
 .debug_macro   0x00000f38       0x87 Drivers/STM32F1xx_HAL_Driver/Src/stm32f1xx_hal.o
 .debug_macro   0x00000fbf       0x51 Drivers/STM32F1xx_HAL_Driver/Src/stm32f1xx_hal.o
 .debug_macro   0x00001010       0xef Drivers/STM32F1xx_HAL_Driver/Src/stm32f1xx_hal.o
 .debug_macro   0x000010ff       0x6a Drivers/STM32F1xx_HAL_Driver/Src/stm32f1xx_hal.o
 .debug_macro   0x00001169      0x1df Drivers/STM32F1xx_HAL_Driver/Src/stm32f1xx_hal.o
 .debug_macro   0x00001348       0x34 Drivers/STM32F1xx_HAL_Driver/Src/stm32f1xx_hal.o
 .debug_macro   0x0000137c       0x34 Drivers/STM32F1xx_HAL_Driver/Src/stm32f1xx_hal.o
 .debug_macro   0x000013b0      0xb8e Drivers/STM32F1xx_HAL_Driver/Src/stm32f1xx_hal.o
 .debug_macro   0x00001f3e     0xe90a Drivers/STM32F1xx_HAL_Driver/Src/stm32f1xx_hal.o
 .debug_macro   0x00010848       0x43 Drivers/STM32F1xx_HAL_Driver/Src/stm32f1xx_hal.o
 .debug_macro   0x0001088b       0x58 Drivers/STM32F1xx_HAL_Driver/Src/stm32f1xx_hal.o
 .debug_macro   0x000108e3       0x17 Drivers/STM32F1xx_HAL_Driver/Src/stm32f1xx_hal.o
 .debug_macro   0x000108fa       0x35 Drivers/STM32F1xx_HAL_Driver/Src/stm32f1xx_hal.o
 .debug_macro   0x0001092f       0x9c Drivers/STM32F1xx_HAL_Driver/Src/stm32f1xx_hal.o
 .debug_macro   0x000109cb       0x16 Drivers/STM32F1xx_HAL_Driver/Src/stm32f1xx_hal.o
 .debug_macro   0x000109e1       0x97 Drivers/STM32F1xx_HAL_Driver/Src/stm32f1xx_hal.o
 .debug_macro   0x00010a78      0x330 Drivers/STM32F1xx_HAL_Driver/Src/stm32f1xx_hal.o
 .debug_macro   0x00010da8       0xfd Drivers/STM32F1xx_HAL_Driver/Src/stm32f1xx_hal.o
 .debug_macro   0x00010ea5       0x10 Drivers/STM32F1xx_HAL_Driver/Src/stm32f1xx_hal.o
 .debug_macro   0x00010eb5       0x58 Drivers/STM32F1xx_HAL_Driver/Src/stm32f1xx_hal.o
 .debug_macro   0x00010f0d       0x1f Drivers/STM32F1xx_HAL_Driver/Src/stm32f1xx_hal.o
 .debug_macro   0x00010f2c       0x43 Drivers/STM32F1xx_HAL_Driver/Src/stm32f1xx_hal.o
 .debug_macro   0x00010f6f       0x20 Drivers/STM32F1xx_HAL_Driver/Src/stm32f1xx_hal.o
 .debug_macro   0x00010f8f      0x18e Drivers/STM32F1xx_HAL_Driver/Src/stm32f1xx_hal.o
 .debug_macro   0x0001111d       0x10 Drivers/STM32F1xx_HAL_Driver/Src/stm32f1xx_hal.o
 .debug_macro   0x0001112d       0x1c Drivers/STM32F1xx_HAL_Driver/Src/stm32f1xx_hal.o
 .debug_macro   0x00011149       0x52 Drivers/STM32F1xx_HAL_Driver/Src/stm32f1xx_hal.o
 .debug_macro   0x0001119b       0x40 Drivers/STM32F1xx_HAL_Driver/Src/stm32f1xx_hal.o
 .debug_macro   0x000111db       0x10 Drivers/STM32F1xx_HAL_Driver/Src/stm32f1xx_hal.o
 .debug_macro   0x000111eb       0x40 Drivers/STM32F1xx_HAL_Driver/Src/stm32f1xx_hal.o
 .debug_macro   0x0001122b       0xd7 Drivers/STM32F1xx_HAL_Driver/Src/stm32f1xx_hal.o
 .debug_macro   0x00011302       0x1c Drivers/STM32F1xx_HAL_Driver/Src/stm32f1xx_hal.o
 .debug_macro   0x0001131e       0x3d Drivers/STM32F1xx_HAL_Driver/Src/stm32f1xx_hal.o
 .debug_macro   0x0001135b       0x16 Drivers/STM32F1xx_HAL_Driver/Src/stm32f1xx_hal.o
 .debug_macro   0x00011371      0x16f Drivers/STM32F1xx_HAL_Driver/Src/stm32f1xx_hal.o
 .debug_macro   0x000114e0       0x50 Drivers/STM32F1xx_HAL_Driver/Src/stm32f1xx_hal.o
 .debug_macro   0x00011530      0x5c2 Drivers/STM32F1xx_HAL_Driver/Src/stm32f1xx_hal.o
 .debug_macro   0x00011af2      0x28a Drivers/STM32F1xx_HAL_Driver/Src/stm32f1xx_hal.o
 .debug_macro   0x00011d7c      0x1cb Drivers/STM32F1xx_HAL_Driver/Src/stm32f1xx_hal.o
 .debug_macro   0x00011f47      0x11e Drivers/STM32F1xx_HAL_Driver/Src/stm32f1xx_hal.o
 .debug_macro   0x00012065      0x1b3 Drivers/STM32F1xx_HAL_Driver/Src/stm32f1xx_hal.o
 .debug_macro   0x00012218       0x27 Drivers/STM32F1xx_HAL_Driver/Src/stm32f1xx_hal.o
 .debug_macro   0x0001223f      0x1bc Drivers/STM32F1xx_HAL_Driver/Src/stm32f1xx_hal.o
 .debug_macro   0x000123fb       0x34 Drivers/STM32F1xx_HAL_Driver/Src/stm32f1xx_hal.o
 .debug_macro   0x0001242f       0x3c Drivers/STM32F1xx_HAL_Driver/Src/stm32f1xx_hal.o
 .debug_macro   0x0001246b       0x57 Drivers/STM32F1xx_HAL_Driver/Src/stm32f1xx_hal.o
 .debug_macro   0x000124c2       0x8c Drivers/STM32F1xx_HAL_Driver/Src/stm32f1xx_hal.o
 .debug_macro   0x0001254e      0x242 Drivers/STM32F1xx_HAL_Driver/Src/stm32f1xx_hal.o
 .debug_macro   0x00012790      0x143 Drivers/STM32F1xx_HAL_Driver/Src/stm32f1xx_hal.o
 .debug_macro   0x000128d3       0x83 Drivers/STM32F1xx_HAL_Driver/Src/stm32f1xx_hal.o
 .debug_macro   0x00012956      0x2d5 Drivers/STM32F1xx_HAL_Driver/Src/stm32f1xx_hal_cortex.o
 .debug_macro   0x00012c2b      0x345 Drivers/STM32F1xx_HAL_Driver/Src/stm32f1xx_hal_gpio.o
 .debug_macro   0x00012f70      0x2e7 Drivers/STM32F1xx_HAL_Driver/Src/stm32f1xx_hal_rcc.o
 .debug_macro   0x00013257       0xa6 Src/TAP_LookUpTable.o
 .debug_macro   0x000132fd       0x10 Src/TAP_LookUpTable.o
 .debug_macro   0x0001330d      0x304 Src/main.o
 .debug_macro   0x00013611      0x2d5 Src/stm32f1xx_hal_msp.o
 .debug_macro   0x000138e6      0x2df Src/stm32f1xx_it.o
 .debug_macro   0x00013bc5      0x2db Src/system_stm32f1xx.o

.debug_line     0x00000000     0x455f
 .debug_line    0x00000000      0x88d Drivers/STM32F1xx_HAL_Driver/Src/stm32f1xx_hal.o
 .debug_line    0x0000088d      0x8a5 Drivers/STM32F1xx_HAL_Driver/Src/stm32f1xx_hal_cortex.o
 .debug_line    0x00001132      0x88a Drivers/STM32F1xx_HAL_Driver/Src/stm32f1xx_hal_gpio.o
 .debug_line    0x000019bc      0x9a7 Drivers/STM32F1xx_HAL_Driver/Src/stm32f1xx_hal_rcc.o
 .debug_line    0x00002363      0x395 Src/TAP_LookUpTable.o
 .debug_line    0x000026f8      0x8ae Src/main.o
 .debug_line    0x00002fa6      0x6d5 Src/stm32f1xx_hal_msp.o
 .debug_line    0x0000367b      0x75d Src/stm32f1xx_it.o
 .debug_line    0x00003dd8      0x70a Src/system_stm32f1xx.o
 .debug_line    0x000044e2       0x7d startup/startup_stm32f103xb.o

.debug_str      0x00000000    0x68b3b
 .debug_str     0x00000000    0x67b51 Drivers/STM32F1xx_HAL_Driver/Src/stm32f1xx_hal.o
                              0x67ed8 (size before relaxing)
 .debug_str     0x00067b51      0x2e1 Drivers/STM32F1xx_HAL_Driver/Src/stm32f1xx_hal_cortex.o
                              0x67e2d (size before relaxing)
 .debug_str     0x00067e32      0x3b0 Drivers/STM32F1xx_HAL_Driver/Src/stm32f1xx_hal_gpio.o
                              0x67b74 (size before relaxing)
 .debug_str     0x000681e2      0x368 Drivers/STM32F1xx_HAL_Driver/Src/stm32f1xx_hal_rcc.o
                              0x67bc9 (size before relaxing)
 .debug_str     0x0006854a      0x311 Src/TAP_LookUpTable.o
                               0x3f01 (size before relaxing)
 .debug_str     0x0006885b      0x148 Src/main.o
                              0x67fe7 (size before relaxing)
 .debug_str     0x000689a3       0x1b Src/stm32f1xx_hal_msp.o
                              0x67ab5 (size before relaxing)
 .debug_str     0x000689be       0xb8 Src/stm32f1xx_it.o
                              0x677ee (size before relaxing)
 .debug_str     0x00068a76       0x69 Src/system_stm32f1xx.o
                              0x6781f (size before relaxing)
 .debug_str     0x00068adf       0x5c startup/startup_stm32f103xb.o

.comment        0x00000000       0x7e
 .comment       0x00000000       0x7e Drivers/STM32F1xx_HAL_Driver/Src/stm32f1xx_hal.o
                                 0x7f (size before relaxing)
 .comment       0x0000007e       0x7f Drivers/STM32F1xx_HAL_Driver/Src/stm32f1xx_hal_cortex.o
 .comment       0x0000007e       0x7f Drivers/STM32F1xx_HAL_Driver/Src/stm32f1xx_hal_gpio.o
 .comment       0x0000007e       0x7f Drivers/STM32F1xx_HAL_Driver/Src/stm32f1xx_hal_rcc.o
 .comment       0x0000007e       0x7f Src/TAP_LookUpTable.o
 .comment       0x0000007e       0x7f Src/main.o
 .comment       0x0000007e       0x7f Src/stm32f1xx_hal_msp.o
 .comment       0x0000007e       0x7f Src/stm32f1xx_it.o
 .comment       0x0000007e       0x7f Src/system_stm32f1xx.o

.debug_frame    0x00000000      0x8a8
 .debug_frame   0x00000000      0x1ac Drivers/STM32F1xx_HAL_Driver/Src/stm32f1xx_hal.o
 .debug_frame   0x000001ac      0x12c Drivers/STM32F1xx_HAL_Driver/Src/stm32f1xx_hal_cortex.o
 .debug_frame   0x000002d8       0xd4 Drivers/STM32F1xx_HAL_Driver/Src/stm32f1xx_hal_gpio.o
 .debug_frame   0x000003ac      0x174 Drivers/STM32F1xx_HAL_Driver/Src/stm32f1xx_hal_rcc.o
 .debug_frame   0x00000520       0x58 Src/TAP_LookUpTable.o
 .debug_frame   0x00000578      0x200 Src/main.o
 .debug_frame   0x00000778       0x2c Src/stm32f1xx_hal_msp.o
 .debug_frame   0x000007a4       0xa8 Src/stm32f1xx_it.o
 .debug_frame   0x0000084c       0x30 Src/system_stm32f1xx.o
 .debug_frame   0x0000087c       0x2c c:/ac6/systemworkbench/plugins/fr.ac6.mcu.externaltools.arm-none.win32_1.16.0.201807130628/tools/compiler/bin/../lib/gcc/arm-none-eabi/7.2.1/../../../../arm-none-eabi/lib/thumb/v7-m\libc_nano.a(lib_a-init.o)
